// Jest Snapshot v1, https://goo.gl/fbAQLP

exports[`getCommentsOnIssue is working 1`] = `
Array [
  Array [
    Object {
      "number": 1,
      "owner": "itaditya",
      "repo": "private-gh-app-test-repo",
    },
  ],
]
`;
